test1
mmap done
munmap good
test2
munmap returned -1
munmap good (failed as expected)
test3
res = 0xffffffff
mmap okay
test4
mmap gave an error as expected
test_munmap
test_mprotect
mmap done
mprotect good
test_mprotect_unmapped_memory
mmap done
munmap done
mprotect good (failed as expected)
test_mmap_end_of_file
All tests PASSED
