rpc call initiated mandel:dddd:iii
input 0:  d(1)
input 1:  d(2)
input 2:  d(3)
input 3:  d(4)
rpc call complete mandel:dddd:iii
output 0:  i(0)
output 1:  i(0)
output 2:  i(0)

rpc call initiated mandel:dddd:iii
input 0:  d(0)
input 1:  d(0)
input 2:  d(0)
input 3:  d(0)
rpc call complete mandel:dddd:iii
output 0:  i(128)
output 1:  i(0)
output 2:  i(0)

rpc call initiated mandel:dddd:iii
input 0:  d(100)
input 1:  d(2)
input 2:  d(3)
input 3:  d(4)
rpc call complete mandel:dddd:iii
output 0:  i(128)
output 1:  i(0)
output 2:  i(0)

rpc call initiated mandel:dddd:iii
input 0:  d(100)
input 1:  d(2)
input 2:  d(3)
input 3:  d(4)
rpc call complete mandel:dddd:iii
output 0:  i(128)
output 1:  i(0)
output 2:  i(0)

rpc call initiated mandel:dddd:iii
input 0:  d(0.5)
input 1:  d(0.1)
input 2:  d(0.5)
input 3:  d(0.1)
rpc call complete mandel:dddd:iii
output 0:  i(128)
output 1:  i(0)
output 2:  i(0)

