target triple = "armv7-none-linux-gnueabi"

%struct.TWO_CHARS = type { i8, i8 }
%struct.TWO_SHORTS = type { i16, i16 }
%struct.TWO_INTS = type { i32, i32 }

define void @bar_chars(%struct.TWO_CHARS* byval %z) nounwind {
entry:
  call void @foo_chars(%struct.TWO_CHARS* byval %z) nounwind
  br label %return

return:                                           ; preds = %entry
  ret void
}

declare void @foo_chars(%struct.TWO_CHARS* byval)

define void @bar_shorts(%struct.TWO_SHORTS* byval %z) nounwind {
entry:
  call void @foo_shorts(%struct.TWO_SHORTS* byval %z) nounwind
  br label %return

return:                                           ; preds = %entry
  ret void
}

declare void @foo_shorts(%struct.TWO_SHORTS* byval)

define void @bar_ints(%struct.TWO_INTS* byval %z) nounwind {
entry:
  call void @foo_ints(%struct.TWO_INTS* byval %z) nounwind
  br label %return

return:                                           ; preds = %entry
  ret void
}

declare void @foo_ints(%struct.TWO_INTS* byval)
