rpc call initiated fib:ii:I
input 0:  i(1)
input 1:  i(1)
rpc call complete fib:ii:I
output 0:  I(10,1,1,2,3,5,8,13,21,34,55)

rpc call initiated fib:ii:I
input 0:  i(1)
input 1:  i(2)
rpc call complete fib:ii:I
output 0:  I(15,1,2,3,5,8,13,21,34,55,89,144,233,377,610,987)

